// Jest Snapshot v1, https://goo.gl/fbAQLP

exports[`matches snapshot 1`] = `
<DocumentFragment>
  <div
    class="app-wrapper"
  >
    <h2>
      Todo App
    </h2>
    <form>
      <h2>
        New Task
      </h2>
      <input
        data-testid="todo-input"
        name="todoItem1"
        placeholder="New task"
        type="text"
        value=""
      />
      /
      <button
        class="add-to-do-btn"
        style="font-family: Jomhuria,sans-serif; outline: none; font-size: 3.2rem;"
      >
        <span>
          Add
        </span>
      </button>
      <button
        class="clear-btn"
        style="font-family: Jomhuria,sans-serif; outline: none; font-size: 3.2rem;"
      >
        <span>
          Clean
        </span>
      </button>
    </form>
    <div
      class="todolist-wrapper"
    >
      <ul
        data-testid="todos-ul"
      >
        <div
          class="item "
        >
          <p
            style="font-family: Indie Flower; font-size: 2rem;"
          >
            buy bread
          </p>
        </div>
      </ul>
    </div>
    <footer>
      <p
        class="copyright"
      >
        Copyright 2021 - Luis Abellan
      </p>
    </footer>
  </div>
</DocumentFragment>
`;
