// Jest Snapshot v1, https://goo.gl/fbAQLP

exports[`matches snapshot 1`] = `
<DocumentFragment>
  <div
    data-testid="form"
  >
    <form>
      <input
        class="input"
        data-testid="todo-input"
        name="todoItem1"
        placeholder="New Task"
        type="text"
        value=""
      />
      <div
        id="buttons"
      >
        <div
          id="button-left"
        >
          <button
            class="add-to-do-btn"
            data-testid="add-todo-button"
          >
            <span>
              Add
            </span>
          </button>
        </div>
        <div
          id="button-right"
        >
          <button
            class="clear-btn"
          >
            <span>
              Clean
            </span>
          </button>
        </div>
      </div>
    </form>
  </div>
</DocumentFragment>
`;
