// Jest Snapshot v1, https://goo.gl/fbAQLP

exports[`todo test matches snapshot 1`] = `
<DocumentFragment>
  <div
    class="checkbox"
    data-testid="todo"
  >
    <input
      data-testid="checkbox undefined"
      name="item undefined"
      type="checkbox"
      value=""
    />
    <span
      data-testid="todo-output"
    />
  </div>
</DocumentFragment>
`;
