// Jest Snapshot v1, https://goo.gl/fbAQLP

exports[`todo test matches snapshot 1`] = `
<DocumentFragment>
  <div
    class="checkbox"
    data-testid="checkbox"
  >
    <input
      name="item buy bread"
      type="checkbox"
      value="buy bread"
    />
    <span
      data-testid="todo-output"
    >
      buy bread
    </span>
  </div>
</DocumentFragment>
`;
