// Jest Snapshot v1, https://goo.gl/fbAQLP

exports[`todo list test matches snapshot 1`] = `
<DocumentFragment>
  <div
    class="todolist-wrapper"
    data-testid="todos"
  >
    <div
      class="checkbox"
      data-testid="todo"
    >
      <input
        data-testid="checkbox buy bread"
        name="item buy bread"
        type="checkbox"
        value="buy bread"
      />
      <span
        data-testid="todo-output"
      >
        buy bread
      </span>
    </div>
    <div
      class="checkbox"
      data-testid="todo"
    >
      <input
        data-testid="checkbox buy milk"
        name="item buy milk"
        type="checkbox"
        value="buy milk"
      />
      <span
        data-testid="todo-output"
      >
        buy milk
      </span>
    </div>
    <div
      class="checkbox"
      data-testid="todo"
    >
      <input
        data-testid="checkbox write blog"
        name="item write blog"
        type="checkbox"
        value="write blog"
      />
      <span
        data-testid="todo-output"
      >
        write blog
      </span>
    </div>
  </div>
</DocumentFragment>
`;
